// Jest Snapshot v1, https://goo.gl/fbAQLP

exports[`SearchResults component it renders properly 1`] = `
Array [
  <hr
    className="my-10 w-full mx-auto border-1 border-solid border-gray-100"
  />,
  <div
    className="flex flex-wrap"
  >
    <div
      className="w-full sm:w-1/2 lg:w-1/4 p-5"
    >
      <div
        className="bg-white p-5"
      >
        <a
          href="/product/ck17-3016-5x500-sf-american-force-battery-cc-ck17-30x16-5x5-1"
          onClick={[Function]}
          onMouseEnter={[Function]}
        >
          <div
            className=""
          >
            <img
              alt=""
              className="w-full h-full"
              src="https://wordpress.standoutspecialties.local/wp-content/uploads/2020/06/CK17-3016-5x500-SF.jpg"
            />
          </div>
        </a>
        <a
          href="/product/ck17-3016-5x500-sf-american-force-battery-cc-ck17-30x16-5x5-1"
          onClick={[Function]}
          onMouseEnter={[Function]}
        >
          <p
            className="font-secondary font-normal text-black text-base my-5 uppercase font-bold"
          >
            American Force Battery CC
            ...
          </p>
        </a>
        <div
          className="flex items-center"
        >
          <div
            className="w-1/2"
          >
            <p
              className="font-secondary font-medium text-red-100 text-base"
            >
              $11,536.00
            </p>
          </div>
          <div
            className="w-1/2 text-right"
          >
            <a
              className="inline-block mr-3"
              href="/product/ck17-3016-5x500-sf-american-force-battery-cc-ck17-30x16-5x5-1"
              onClick={[Function]}
              onMouseEnter={[Function]}
            >
              <svg
                fill="none"
                height="50"
                viewBox="0 0 50 50"
                width="50"
                xmlns="http://www.w3.org/2000/svg"
              >
                <rect
                  height="48"
                  stroke="#F23939"
                  strokeWidth="2"
                  width="48"
                  x="1"
                  y="1"
                />
                <path
                  d="M30.0168 31L28.2218 29.2L31.201 26.2125L14 26.2125L14 23.6669L31.0807 23.6669L28.2218 20.8L30.0168 19L36 25L30.0168 31Z"
                  fill="#F23939"
                />
              </svg>
            </a>
            <div
              className="cursor-pointer inline-block"
              onClick={[Function]}
            >
              <svg
                fill="none"
                height="50"
                viewBox="0 0 50 50"
                width="50"
                xmlns="http://www.w3.org/2000/svg"
              >
                <rect
                  fill="#F23939"
                  height="50"
                  width="50"
                />
                <path
                  d="M18.325 32.5875H30.3661L31.1103 29.5588H15.3743L12 15.8266H34.4845L35.6705 11H42V12.7979H37.0503L32.1699 32.6593C33.5906 32.9697 34.6591 34.2569 34.6591 35.7938C34.6591 37.5617 33.2454 39 31.5077 39C29.77 39 28.3563 37.5616 28.3563 35.7938C28.3563 35.2887 28.472 34.8108 28.6774 34.3854H21.1553C21.3607 34.8108 21.4764 35.2887 21.4764 35.7938C21.4764 37.5617 20.0627 39 18.325 39C16.5874 39 15.1736 37.5616 15.1736 35.7938C15.1737 34.0259 16.5874 32.5875 18.325 32.5875Z"
                  fill="white"
                />
                <path
                  d="M23.7656 19H26.2656V27H23.7656V19Z"
                  fill="#F23939"
                />
                <path
                  d="M29 21.7383L29 24.2383L21 24.2383L21 21.7383L29 21.7383Z"
                  fill="#F23939"
                />
              </svg>
            </div>
          </div>
        </div>
      </div>
    </div>
    <div
      className="w-full sm:w-1/2 lg:w-1/4 p-5"
    >
      <div
        className="bg-white p-5"
      >
        <a
          href="/product/ck17-3016-5x500-sf-american-force-battery-cc-ck17-30x16-5x5-2"
          onClick={[Function]}
          onMouseEnter={[Function]}
        >
          <div
            className=""
          >
            <img
              alt=""
              className="w-full h-full"
              src="https://wordpress.standoutspecialties.local/wp-content/uploads/2020/06/CK17-3016-5x500-SF.jpg"
            />
          </div>
        </a>
        <a
          href="/product/ck17-3016-5x500-sf-american-force-battery-cc-ck17-30x16-5x5-2"
          onClick={[Function]}
          onMouseEnter={[Function]}
        >
          <p
            className="font-secondary font-normal text-black text-base my-5 uppercase font-bold"
          >
            American Force Battery CC
            ...
          </p>
        </a>
        <div
          className="flex items-center"
        >
          <div
            className="w-1/2"
          >
            <p
              className="font-secondary font-medium text-red-100 text-base"
            >
              $11,536.00
            </p>
          </div>
          <div
            className="w-1/2 text-right"
          >
            <a
              className="inline-block mr-3"
              href="/product/ck17-3016-5x500-sf-american-force-battery-cc-ck17-30x16-5x5-2"
              onClick={[Function]}
              onMouseEnter={[Function]}
            >
              <svg
                fill="none"
                height="50"
                viewBox="0 0 50 50"
                width="50"
                xmlns="http://www.w3.org/2000/svg"
              >
                <rect
                  height="48"
                  stroke="#F23939"
                  strokeWidth="2"
                  width="48"
                  x="1"
                  y="1"
                />
                <path
                  d="M30.0168 31L28.2218 29.2L31.201 26.2125L14 26.2125L14 23.6669L31.0807 23.6669L28.2218 20.8L30.0168 19L36 25L30.0168 31Z"
                  fill="#F23939"
                />
              </svg>
            </a>
            <div
              className="cursor-pointer inline-block"
              onClick={[Function]}
            >
              <svg
                fill="none"
                height="50"
                viewBox="0 0 50 50"
                width="50"
                xmlns="http://www.w3.org/2000/svg"
              >
                <rect
                  fill="#F23939"
                  height="50"
                  width="50"
                />
                <path
                  d="M18.325 32.5875H30.3661L31.1103 29.5588H15.3743L12 15.8266H34.4845L35.6705 11H42V12.7979H37.0503L32.1699 32.6593C33.5906 32.9697 34.6591 34.2569 34.6591 35.7938C34.6591 37.5617 33.2454 39 31.5077 39C29.77 39 28.3563 37.5616 28.3563 35.7938C28.3563 35.2887 28.472 34.8108 28.6774 34.3854H21.1553C21.3607 34.8108 21.4764 35.2887 21.4764 35.7938C21.4764 37.5617 20.0627 39 18.325 39C16.5874 39 15.1736 37.5616 15.1736 35.7938C15.1737 34.0259 16.5874 32.5875 18.325 32.5875Z"
                  fill="white"
                />
                <path
                  d="M23.7656 19H26.2656V27H23.7656V19Z"
                  fill="#F23939"
                />
                <path
                  d="M29 21.7383L29 24.2383L21 24.2383L21 21.7383L29 21.7383Z"
                  fill="#F23939"
                />
              </svg>
            </div>
          </div>
        </div>
      </div>
    </div>
    <div
      className="w-full sm:w-1/2 lg:w-1/4 p-5"
    >
      <div
        className="bg-white p-5"
      >
        <a
          href="/product/ck17-3016-5x500-sf-american-force-battery-cc-ck17-30x16-5x5-3"
          onClick={[Function]}
          onMouseEnter={[Function]}
        >
          <div
            className=""
          >
            <img
              alt=""
              className="w-full h-full"
              src="https://wordpress.standoutspecialties.local/wp-content/uploads/2020/06/CK17-3016-5x500-SF.jpg"
            />
          </div>
        </a>
        <a
          href="/product/ck17-3016-5x500-sf-american-force-battery-cc-ck17-30x16-5x5-3"
          onClick={[Function]}
          onMouseEnter={[Function]}
        >
          <p
            className="font-secondary font-normal text-black text-base my-5 uppercase font-bold"
          >
            American Force Battery CC
            ...
          </p>
        </a>
        <div
          className="flex items-center"
        >
          <div
            className="w-1/2"
          >
            <p
              className="font-secondary font-medium text-red-100 text-base"
            >
              $11,536.00
            </p>
          </div>
          <div
            className="w-1/2 text-right"
          >
            <a
              className="inline-block mr-3"
              href="/product/ck17-3016-5x500-sf-american-force-battery-cc-ck17-30x16-5x5-3"
              onClick={[Function]}
              onMouseEnter={[Function]}
            >
              <svg
                fill="none"
                height="50"
                viewBox="0 0 50 50"
                width="50"
                xmlns="http://www.w3.org/2000/svg"
              >
                <rect
                  height="48"
                  stroke="#F23939"
                  strokeWidth="2"
                  width="48"
                  x="1"
                  y="1"
                />
                <path
                  d="M30.0168 31L28.2218 29.2L31.201 26.2125L14 26.2125L14 23.6669L31.0807 23.6669L28.2218 20.8L30.0168 19L36 25L30.0168 31Z"
                  fill="#F23939"
                />
              </svg>
            </a>
            <div
              className="cursor-pointer inline-block"
              onClick={[Function]}
            >
              <svg
                fill="none"
                height="50"
                viewBox="0 0 50 50"
                width="50"
                xmlns="http://www.w3.org/2000/svg"
              >
                <rect
                  fill="#F23939"
                  height="50"
                  width="50"
                />
                <path
                  d="M18.325 32.5875H30.3661L31.1103 29.5588H15.3743L12 15.8266H34.4845L35.6705 11H42V12.7979H37.0503L32.1699 32.6593C33.5906 32.9697 34.6591 34.2569 34.6591 35.7938C34.6591 37.5617 33.2454 39 31.5077 39C29.77 39 28.3563 37.5616 28.3563 35.7938C28.3563 35.2887 28.472 34.8108 28.6774 34.3854H21.1553C21.3607 34.8108 21.4764 35.2887 21.4764 35.7938C21.4764 37.5617 20.0627 39 18.325 39C16.5874 39 15.1736 37.5616 15.1736 35.7938C15.1737 34.0259 16.5874 32.5875 18.325 32.5875Z"
                  fill="white"
                />
                <path
                  d="M23.7656 19H26.2656V27H23.7656V19Z"
                  fill="#F23939"
                />
                <path
                  d="M29 21.7383L29 24.2383L21 24.2383L21 21.7383L29 21.7383Z"
                  fill="#F23939"
                />
              </svg>
            </div>
          </div>
        </div>
      </div>
    </div>
  </div>,
  <hr
    className="my-10 w-full mx-auto border-1 border-solid border-gray-100"
  />,
  <div
    className="inline-flex items-center float-right"
  >
    <p
      className="font-secondary font-normal text-gray-100 text-base mr-5"
    >
      Page
    </p>
    <div
      className="mx-2 py-2 px-3 cursor-pointer bg-white border border-gray-80 border-solid"
      onClick={[Function]}
    >
      <p
        className="font-secondary font-normal text-red-100 text-base"
      >
        1
      </p>
    </div>
  </div>,
]
`;
